BACKGROUND                      = $40F0 ; addr, local, , GrimmsFairyTrails, , GrimmsFairyTrails.asm:62
BANNER_CHAR                     = $47A9 ; addr, local, , GrimmsFairyTrails, , GrimmsFairyTrails.asm:1014
BANNER_COL                      = $47AA ; addr, local, , GrimmsFairyTrails, , GrimmsFairyTrails.asm:1017
DF_CC                           = $400E ; const, local, , GrimmsFairyTrails, , GrimmsFairyTrails.asm:3
DISPLAY_BANNER                  = $47C2 ; addr, local, , GrimmsFairyTrails, , GrimmsFairyTrails.asm:1037
DRAW_DOTS                       = $4102 ; addr, local, , GrimmsFairyTrails, , GrimmsFairyTrails.asm:84
DRAW_WALLS1                     = $4118 ; addr, local, , GrimmsFairyTrails, , GrimmsFairyTrails.asm:109
DRAW_WALLS2                     = $416E ; addr, local, , GrimmsFairyTrails, , GrimmsFairyTrails.asm:172
D_FILE                          = $400C ; const, local, , GrimmsFairyTrails, , GrimmsFairyTrails.asm:2
FILL_SCR                        = $40E0 ; addr, local, , GrimmsFairyTrails, , GrimmsFairyTrails.asm:51
LEVEL_DELAY                     = $4674 ; addr, local, , GrimmsFairyTrails, , GrimmsFairyTrails.asm:847
L_41D4                          = $41D4 ; addr, local, , GrimmsFairyTrails, , GrimmsFairyTrails.asm:255
L_41E6                          = $41E6 ; addr, local, , GrimmsFairyTrails, , GrimmsFairyTrails.asm:270
L_420E                          = $420E ; addr, local, , GrimmsFairyTrails, , GrimmsFairyTrails.asm:297
L_4236                          = $4236 ; addr, local, , GrimmsFairyTrails, , GrimmsFairyTrails.asm:324
L_4263                          = $4263 ; addr, local, , GrimmsFairyTrails, , GrimmsFairyTrails.asm:353
L_4290                          = $4290 ; addr, local, , GrimmsFairyTrails, , GrimmsFairyTrails.asm:381
L_4330                          = $4330 ; addr, local, , GrimmsFairyTrails, , GrimmsFairyTrails.asm:402
L_433C                          = $433C ; addr, local, , GrimmsFairyTrails, , GrimmsFairyTrails.asm:409
L_4349                          = $4349 ; addr, local, , GrimmsFairyTrails, , GrimmsFairyTrails.asm:417
L_4352                          = $4352 ; addr, local, , GrimmsFairyTrails, , GrimmsFairyTrails.asm:424
L_4359                          = $4359 ; addr, local, , GrimmsFairyTrails, , GrimmsFairyTrails.asm:430
L_4360                          = $4360 ; addr, local, , GrimmsFairyTrails, , GrimmsFairyTrails.asm:436
L_4369                          = $4369 ; addr, local, , GrimmsFairyTrails, , GrimmsFairyTrails.asm:442
L_4372                          = $4372 ; addr, local, , GrimmsFairyTrails, , GrimmsFairyTrails.asm:448
L_4388                          = $4388 ; addr, local, , GrimmsFairyTrails, , GrimmsFairyTrails.asm:462
L_439E                          = $439E ; addr, local, , GrimmsFairyTrails, , GrimmsFairyTrails.asm:476
L_43B4                          = $43B4 ; addr, local, , GrimmsFairyTrails, , GrimmsFairyTrails.asm:490
L_43F9                          = $43F9 ; addr, local, , GrimmsFairyTrails, , GrimmsFairyTrails.asm:512
L_440D                          = $440D ; addr, local, , GrimmsFairyTrails, , GrimmsFairyTrails.asm:524
L_4426                          = $4426 ; addr, local, , GrimmsFairyTrails, , GrimmsFairyTrails.asm:542
L_445C                          = $445C ; addr, local, , GrimmsFairyTrails, , GrimmsFairyTrails.asm:576
L_4477                          = $4477 ; addr, local, , GrimmsFairyTrails, , GrimmsFairyTrails.asm:592
L_449A                          = $449A ; addr, local, , GrimmsFairyTrails, , GrimmsFairyTrails.asm:617
L_44C0                          = $44C0 ; addr, local, , GrimmsFairyTrails, , GrimmsFairyTrails.asm:642
L_44E8                          = $44E8 ; addr, local, , GrimmsFairyTrails, , GrimmsFairyTrails.asm:667
L_4524                          = $4524 ; addr, local, , GrimmsFairyTrails, , GrimmsFairyTrails.asm:693
L_4533                          = $4533 ; addr, local, , GrimmsFairyTrails, , GrimmsFairyTrails.asm:708
L_4556                          = $4556 ; addr, local, , GrimmsFairyTrails, , GrimmsFairyTrails.asm:733
L_4588                          = $4588 ; addr, local, , GrimmsFairyTrails, , GrimmsFairyTrails.asm:759
L_4596                          = $4596 ; addr, local, , GrimmsFairyTrails, , GrimmsFairyTrails.asm:768
L_459C                          = $459C ; addr, local, , GrimmsFairyTrails, , GrimmsFairyTrails.asm:778
L_45BA                          = $45BA ; addr, local, , GrimmsFairyTrails, , GrimmsFairyTrails.asm:797
L_4650                          = $4650 ; addr, local, , GrimmsFairyTrails, , GrimmsFairyTrails.asm:828
L_466F                          = $466F ; addr, local, , GrimmsFairyTrails, , GrimmsFairyTrails.asm:843
L_4676                          = $4676 ; addr, local, , GrimmsFairyTrails, , GrimmsFairyTrails.asm:850
L_4678                          = $4678 ; addr, local, , GrimmsFairyTrails, , GrimmsFairyTrails.asm:853
L_46B4                          = $46B4 ; addr, local, , GrimmsFairyTrails, , GrimmsFairyTrails.asm:877
L_46C0                          = $46C0 ; addr, local, , GrimmsFairyTrails, , GrimmsFairyTrails.asm:884
L_46CD                          = $46CD ; addr, local, , GrimmsFairyTrails, , GrimmsFairyTrails.asm:892
L_46D6                          = $46D6 ; addr, local, , GrimmsFairyTrails, , GrimmsFairyTrails.asm:899
L_46DD                          = $46DD ; addr, local, , GrimmsFairyTrails, , GrimmsFairyTrails.asm:905
L_46E4                          = $46E4 ; addr, local, , GrimmsFairyTrails, , GrimmsFairyTrails.asm:911
L_46ED                          = $46ED ; addr, local, , GrimmsFairyTrails, , GrimmsFairyTrails.asm:917
L_46F6                          = $46F6 ; addr, local, , GrimmsFairyTrails, , GrimmsFairyTrails.asm:923
L_470C                          = $470C ; addr, local, , GrimmsFairyTrails, , GrimmsFairyTrails.asm:937
L_4715                          = $4715 ; addr, local, , GrimmsFairyTrails, , GrimmsFairyTrails.asm:945
L_471E                          = $471E ; addr, local, , GrimmsFairyTrails, , GrimmsFairyTrails.asm:952
L_474A                          = $474A ; addr, local, , GrimmsFairyTrails, , GrimmsFairyTrails.asm:966
L_477C                          = $477C ; addr, local, , GrimmsFairyTrails, , GrimmsFairyTrails.asm:989
PUT_CHAR_AT                     = $4088 ; addr, local, , GrimmsFairyTrails, , GrimmsFairyTrails.asm:17
SCR_OFFSET                      = $47C6 ; addr, local, , GrimmsFairyTrails, , GrimmsFairyTrails.asm:1041
__head                          = $4082 ; const, public, def, , ,
__size                          = $1050 ; const, public, def, , ,
__tail                          = $50D2 ; const, public, def, , ,
banner_bits_lu                  = $47AE ; addr, local, , GrimmsFairyTrails, , GrimmsFairyTrails.asm:1025
banner_col                      = $47F1 ; addr, local, , GrimmsFairyTrails, , GrimmsFairyTrails.asm:1073
banner_row                      = $47EA ; addr, local, , GrimmsFairyTrails, , GrimmsFairyTrails.asm:1065
code2                           = $4170 ; addr, local, , GrimmsFairyTrails, , GrimmsFairyTrails.asm:175
code3                           = $4182 ; addr, local, , GrimmsFairyTrails, , GrimmsFairyTrails.asm:191
code4                           = $4184 ; addr, local, , GrimmsFairyTrails, , GrimmsFairyTrails.asm:194
code5                           = $417E ; addr, local, , GrimmsFairyTrails, , GrimmsFairyTrails.asm:187
code6                           = $4192 ; addr, local, , GrimmsFairyTrails, , GrimmsFairyTrails.asm:206
draw_next_dot                   = $4106 ; addr, local, , GrimmsFairyTrails, , GrimmsFairyTrails.asm:88
fill_line_addr                  = $40FF ; addr, local, , GrimmsFairyTrails, , GrimmsFairyTrails.asm:73
fill_row                        = $40E9 ; addr, local, , GrimmsFairyTrails, , GrimmsFairyTrails.asm:57
skip_setting_df_cc              = $47D6 ; addr, local, , GrimmsFairyTrails, , GrimmsFairyTrails.asm:1050
var1                            = $41B0 ; addr, local, , GrimmsFairyTrails, , GrimmsFairyTrails.asm:245
var2                            = $41AE ; addr, local, , GrimmsFairyTrails, , GrimmsFairyTrails.asm:237
var3                            = $41AC ; addr, local, , GrimmsFairyTrails, , GrimmsFairyTrails.asm:229
var4                            = $41A2 ; addr, local, , GrimmsFairyTrails, , GrimmsFairyTrails.asm:218
var5                            = $41A3 ; addr, local, , GrimmsFairyTrails, , GrimmsFairyTrails.asm:221
wall_next_dot1                  = $411C ; addr, local, , GrimmsFairyTrails, , GrimmsFairyTrails.asm:113
wall_next_dot2                  = $4132 ; addr, local, , GrimmsFairyTrails, , GrimmsFairyTrails.asm:128
wall_next_dot3                  = $4134 ; addr, local, , GrimmsFairyTrails, , GrimmsFairyTrails.asm:131
wall_next_dot4                  = $414C ; addr, local, , GrimmsFairyTrails, , GrimmsFairyTrails.asm:147
wall_next_dot5                  = $415B ; addr, local, , GrimmsFairyTrails, , GrimmsFairyTrails.asm:157
wall_next_dot6                  = $4172 ; addr, local, , GrimmsFairyTrails, , GrimmsFairyTrails.asm:178
wall_next_dot7                  = $4186 ; addr, local, , GrimmsFairyTrails, , GrimmsFairyTrails.asm:197
