ALIEN                           = $4235 ; addr, local, , FortressOfZorlac2, , FortressOfZorlac2.asm:257
ALIEN_HIT                       = $43B6 ; addr, local, , FortressOfZorlac2, , FortressOfZorlac2.asm:528
BLOCK1                          = $4412 ; addr, local, , FortressOfZorlac2, , FortressOfZorlac2.asm:596
CHEAT                           = $4084 ; addr, local, , FortressOfZorlac2, , FortressOfZorlac2.asm:8
CHECK_FORTRESS_MOVE             = $45F9 ; addr, local, , FortressOfZorlac2, , FortressOfZorlac2.asm:929
CLEAR_GAME_AREA                 = $47C8 ; addr, local, , FortressOfZorlac2, , FortressOfZorlac2.asm:1252
DELETE_BOMB                     = $46ED ; addr, local, , FortressOfZorlac2, , FortressOfZorlac2.asm:1118
DELETE_PRESS_ANY_KEY            = $475E ; addr, local, , FortressOfZorlac2, , FortressOfZorlac2.asm:1181
DELETE_SHIP                     = $4372 ; addr, local, , FortressOfZorlac2, , FortressOfZorlac2.asm:468
DELETE_TORPEDO                  = $46DF ; addr, local, , FortressOfZorlac2, , FortressOfZorlac2.asm:1108
DRAW_ALIEN                      = $425D ; addr, local, , FortressOfZorlac2, , FortressOfZorlac2.asm:270
DRAW_BOMB                       = $45C7 ; addr, local, , FortressOfZorlac2, , FortressOfZorlac2.asm:886
DRAW_CANONS                     = $455E ; addr, local, , FortressOfZorlac2, , FortressOfZorlac2.asm:795
DRAW_FORTRESS                   = $4124 ; addr, local, , FortressOfZorlac2, , FortressOfZorlac2.asm:53
DRAW_SHIP                       = $42FA ; addr, local, , FortressOfZorlac2, , FortressOfZorlac2.asm:359
DRAW_SHIP_BC                    = $42FE ; addr, local, , FortressOfZorlac2, , FortressOfZorlac2.asm:365
D_FILE                          = $400C ; const, local, , FortressOfZorlac2, , FortressOfZorlac2.asm:3
FIRE_BOMB                       = $4588 ; addr, local, , FortressOfZorlac2, , FortressOfZorlac2.asm:834
FIRE_TORPEDO                    = $4393 ; addr, local, , FortressOfZorlac2, , FortressOfZorlac2.asm:504
FLASH_ALIEN                     = $476C ; addr, local, , FortressOfZorlac2, , FortressOfZorlac2.asm:1192
FORTRESS1                       = $4085 ; addr, local, , FortressOfZorlac2, , FortressOfZorlac2.asm:10
FORTRESS2                       = $40BF ; addr, local, , FortressOfZorlac2, , FortressOfZorlac2.asm:19
FORTRESS_MOVE_COUNT             = $45FD ; addr, local, , FortressOfZorlac2, , FortressOfZorlac2.asm:933
GAME                            = $4791 ; addr, local, , FortressOfZorlac2, , FortressOfZorlac2.asm:1225
HAVE_DIGITS                     = $464B ; addr, local, , FortressOfZorlac2, , FortressOfZorlac2.asm:996
INCR_SCORE                      = $4699 ; addr, local, , FortressOfZorlac2, , FortressOfZorlac2.asm:1060
INIT_FORTRESS                   = $46F7 ; addr, local, , FortressOfZorlac2, , FortressOfZorlac2.asm:1129
INTRO_FIRE_TORPEDO              = $453A ; addr, local, , FortressOfZorlac2, , FortressOfZorlac2.asm:765
INTRO_SCR                       = $4416 ; addr, local, , FortressOfZorlac2, , FortressOfZorlac2.asm:606
LAST_K                          = $4025 ; const, local, , FortressOfZorlac2, , FortressOfZorlac2.asm:4
LEVEL_DELAY                     = $478F ; addr, local, , FortressOfZorlac2, , FortressOfZorlac2.asm:1219
L_418A                          = $4182 ; addr, local, , FortressOfZorlac2, , FortressOfZorlac2.asm:98
L_4252                          = $421C ; addr, local, , FortressOfZorlac2, , FortressOfZorlac2.asm:230
L_425C                          = $4226 ; addr, local, , FortressOfZorlac2, , FortressOfZorlac2.asm:240
L_49BD                          = $47D2 ; addr, local, , FortressOfZorlac2, , FortressOfZorlac2.asm:1260
MOVE_SHIP_DOWN                  = $434A ; addr, local, , FortressOfZorlac2, , FortressOfZorlac2.asm:427
MOVE_SHIP_LEFT                  = $4360 ; addr, local, , FortressOfZorlac2, , FortressOfZorlac2.asm:451
MOVE_SHIP_RIGHT                 = $433C ; addr, local, , FortressOfZorlac2, , FortressOfZorlac2.asm:414
MOVE_SHIP_UP                    = $4355 ; addr, local, , FortressOfZorlac2, , FortressOfZorlac2.asm:439
MOVE_TORPEDO                    = $43B7 ; addr, local, , FortressOfZorlac2, , FortressOfZorlac2.asm:534
N10000                          = $463F ; addr, local, , FortressOfZorlac2, , FortressOfZorlac2.asm:978
N1000                           = $4641 ; addr, local, , FortressOfZorlac2, , FortressOfZorlac2.asm:981
N100                            = $4643 ; addr, local, , FortressOfZorlac2, , FortressOfZorlac2.asm:984
N10                             = $4645 ; addr, local, , FortressOfZorlac2, , FortressOfZorlac2.asm:987
N1                              = $4647 ; addr, local, , FortressOfZorlac2, , FortressOfZorlac2.asm:990
NUM_BUFFER                      = $463A ; addr, local, , FortressOfZorlac2, , FortressOfZorlac2.asm:975
PRESS_ANY_KEY                   = $474E ; addr, local, , FortressOfZorlac2, , FortressOfZorlac2.asm:1172
PRINT_ACC                       = $4649 ; addr, local, , FortressOfZorlac2, , FortressOfZorlac2.asm:993
ROTATED_SHIP1                   = $449E ; addr, local, , FortressOfZorlac2, , FortressOfZorlac2.asm:700
ROTATED_SHIP2                   = $44B7 ; addr, local, , FortressOfZorlac2, , FortressOfZorlac2.asm:707
ROTATED_SHIP3                   = $44D0 ; addr, local, , FortressOfZorlac2, , FortressOfZorlac2.asm:714
ROTATED_SHIP4                   = $44E9 ; addr, local, , FortressOfZorlac2, , FortressOfZorlac2.asm:721
ROTATE_SHIP                     = $4503 ; addr, local, , FortressOfZorlac2, , FortressOfZorlac2.asm:731
SAVE_FORTRESS1                  = $40BE ; addr, local, , FortressOfZorlac2, , FortressOfZorlac2.asm:16
SCORE                           = $4638 ; addr, local, , FortressOfZorlac2, , FortressOfZorlac2.asm:972
SCORE_I2A                       = $464C ; addr, local, , FortressOfZorlac2, , FortressOfZorlac2.asm:1000
SCR_POS                         = $41E4 ; addr, local, , FortressOfZorlac2, , FortressOfZorlac2.asm:178
SCR_POS_col_found               = $41FF ; addr, local, , FortressOfZorlac2, , FortressOfZorlac2.asm:206
SCR_POS_next_col                = $41F8 ; addr, local, , FortressOfZorlac2, , FortressOfZorlac2.asm:198
SCR_POS_next_row                = $41EE ; addr, local, , FortressOfZorlac2, , FortressOfZorlac2.asm:186
SCR_POS_row_found               = $41F5 ; addr, local, , FortressOfZorlac2, , FortressOfZorlac2.asm:194
SHIP1                           = $42AC ; addr, local, , FortressOfZorlac2, , FortressOfZorlac2.asm:326
SHIP2                           = $42C5 ; addr, local, , FortressOfZorlac2, , FortressOfZorlac2.asm:333
SHIP3                           = $42DE ; addr, local, , FortressOfZorlac2, , FortressOfZorlac2.asm:340
SHIP_HIT                        = $45C6 ; addr, local, , FortressOfZorlac2, , FortressOfZorlac2.asm:883
TEST_KEYBOARD                   = $47DE ; addr, local, , FortressOfZorlac2, , FortressOfZorlac2.asm:1274
WALL_HIT                        = $43B5 ; addr, local, , FortressOfZorlac2, , FortressOfZorlac2.asm:525
__head                          = $4082 ; const, public, def, , ,
__size                          = $07EA ; const, public, def, , ,
__tail                          = $486C ; const, public, def, , ,
add_25                          = $4517 ; addr, local, , FortressOfZorlac2, , FortressOfZorlac2.asm:744
addr_fortress                   = $411B ; addr, local, , FortressOfZorlac2, , FortressOfZorlac2.asm:27
addr_fortress_save              = $411D ; addr, local, , FortressOfZorlac2, , FortressOfZorlac2.asm:30
alien_col                       = $4233 ; addr, local, , FortressOfZorlac2, , FortressOfZorlac2.asm:251
alien_direction                 = $42AB ; addr, local, , FortressOfZorlac2, , FortressOfZorlac2.asm:323
alien_downwards                 = $4280 ; addr, local, , FortressOfZorlac2, , FortressOfZorlac2.asm:293
alien_each_row                  = $429A ; addr, local, , FortressOfZorlac2, , FortressOfZorlac2.asm:310
alien_row                       = $4234 ; addr, local, , FortressOfZorlac2, , FortressOfZorlac2.asm:254
bomb_col                        = $4585 ; addr, local, , FortressOfZorlac2, , FortressOfZorlac2.asm:822
bomb_hit_ship                   = $45ED ; addr, local, , FortressOfZorlac2, , FortressOfZorlac2.asm:914
bomb_no_hit                     = $45E6 ; addr, local, , FortressOfZorlac2, , FortressOfZorlac2.asm:908
bomb_row                        = $4586 ; addr, local, , FortressOfZorlac2, , FortressOfZorlac2.asm:825
bomb_running                    = $4587 ; addr, local, , FortressOfZorlac2, , FortressOfZorlac2.asm:828
check_left_right                = $484D ; addr, local, , FortressOfZorlac2, , FortressOfZorlac2.asm:1337
clear_next_row                  = $47D0 ; addr, local, , FortressOfZorlac2, , FortressOfZorlac2.asm:1257
continue_fire_bomb              = $45BD ; addr, local, , FortressOfZorlac2, , FortressOfZorlac2.asm:876
delete_col                      = $4381 ; addr, local, , FortressOfZorlac2, , FortressOfZorlac2.asm:478
delete_row                      = $437F ; addr, local, , FortressOfZorlac2, , FortressOfZorlac2.asm:475
do_fire_bomb                    = $45B5 ; addr, local, , FortressOfZorlac2, , FortressOfZorlac2.asm:869
do_fortress_move                = $460A ; addr, local, , FortressOfZorlac2, , FortressOfZorlac2.asm:943
draw_alien_at_BC                = $428D ; addr, local, , FortressOfZorlac2, , FortressOfZorlac2.asm:303
draw_bottom_bar                 = $444A ; addr, local, , FortressOfZorlac2, , FortressOfZorlac2.asm:643
draw_cannon                     = $4575 ; addr, local, , FortressOfZorlac2, , FortressOfZorlac2.asm:809
draw_left_bar                   = $4465 ; addr, local, , FortressOfZorlac2, , FortressOfZorlac2.asm:665
draw_right_bar                  = $442C ; addr, local, , FortressOfZorlac2, , FortressOfZorlac2.asm:620
draw_ship_hl                    = $4329 ; addr, local, , FortressOfZorlac2, , FortressOfZorlac2.asm:394
draw_ship_row                   = $432B ; addr, local, , FortressOfZorlac2, , FortressOfZorlac2.asm:397
draw_top_bar                    = $441F ; addr, local, , FortressOfZorlac2, , FortressOfZorlac2.asm:612
draw_torpedo_path               = $454C ; addr, local, , FortressOfZorlac2, , FortressOfZorlac2.asm:779
draw_torpedo_store_pos          = $43DE ; addr, local, , FortressOfZorlac2, , FortressOfZorlac2.asm:557
each_left_bar_block             = $446A ; addr, local, , FortressOfZorlac2, , FortressOfZorlac2.asm:669
each_right_bar_block            = $4431 ; addr, local, , FortressOfZorlac2, , FortressOfZorlac2.asm:624
erase_hit_block_from_fortress   = $4202 ; addr, local, , FortressOfZorlac2, , FortressOfZorlac2.asm:211
flash_next_col                  = $4780 ; addr, local, , FortressOfZorlac2, , FortressOfZorlac2.asm:1206
flash_next_line                 = $477D ; addr, local, , FortressOfZorlac2, , FortressOfZorlac2.asm:1202
fortress_blocks                 = $4123 ; addr, local, , FortressOfZorlac2, , FortressOfZorlac2.asm:45
fortress_col                    = $411F ; addr, local, , FortressOfZorlac2, , FortressOfZorlac2.asm:33
fortress_cols                   = $4122 ; addr, local, , FortressOfZorlac2, , FortressOfZorlac2.asm:42
fortress_fill_grey              = $4703 ; addr, local, , FortressOfZorlac2, , FortressOfZorlac2.asm:1139
fortress_fill_inner_black       = $470A ; addr, local, , FortressOfZorlac2, , FortressOfZorlac2.asm:1145
fortress_fill_outer_black       = $46FC ; addr, local, , FortressOfZorlac2, , FortressOfZorlac2.asm:1133
fortress_row                    = $4120 ; addr, local, , FortressOfZorlac2, , FortressOfZorlac2.asm:36
fortress_rows                   = $4121 ; addr, local, , FortressOfZorlac2, , FortressOfZorlac2.asm:39
game_delay                      = $47BE ; addr, local, , FortressOfZorlac2, , FortressOfZorlac2.asm:1244
hit_fortress                    = $4402 ; addr, local, , FortressOfZorlac2, , FortressOfZorlac2.asm:584
intro_torpedo_pos               = $4538 ; addr, local, , FortressOfZorlac2, , FortressOfZorlac2.asm:759
make_digit                      = $4680 ; addr, local, , FortressOfZorlac2, , FortressOfZorlac2.asm:1038
move_bomb                       = $45DC ; addr, local, , FortressOfZorlac2, , FortressOfZorlac2.asm:899
move_next_row                   = $4623 ; addr, local, , FortressOfZorlac2, , FortressOfZorlac2.asm:956
next_arrow1                     = $480B ; addr, local, , FortressOfZorlac2, , FortressOfZorlac2.asm:1300
next_arrow2                     = $4814 ; addr, local, , FortressOfZorlac2, , FortressOfZorlac2.asm:1306
next_arrow3                     = $481D ; addr, local, , FortressOfZorlac2, , FortressOfZorlac2.asm:1312
next_arrow4                     = $4826 ; addr, local, , FortressOfZorlac2, , FortressOfZorlac2.asm:1319
next_divisor                    = $465D ; addr, local, , FortressOfZorlac2, , FortressOfZorlac2.asm:1009
not_cannon1                     = $45A1 ; addr, local, , FortressOfZorlac2, , FortressOfZorlac2.asm:850
not_cannon2                     = $45AA ; addr, local, , FortressOfZorlac2, , FortressOfZorlac2.asm:858
not_cannon3                     = $45B3 ; addr, local, , FortressOfZorlac2, , FortressOfZorlac2.asm:866
not_ship1                       = $4313 ; addr, local, , FortressOfZorlac2, , FortressOfZorlac2.asm:378
not_ship2                       = $4321 ; addr, local, , FortressOfZorlac2, , FortressOfZorlac2.asm:388
out_digit                       = $46D0 ; addr, local, , FortressOfZorlac2, , FortressOfZorlac2.asm:1092
output_digit                    = $4689 ; addr, local, , FortressOfZorlac2, , FortressOfZorlac2.asm:1045
press_any_key_msg               = $4735 ; addr, local, , FortressOfZorlac2, , FortressOfZorlac2.asm:1165
put_space                       = $4766 ; addr, local, , FortressOfZorlac2, , FortressOfZorlac2.asm:1186
restore_torpedo_pos             = $454B ; addr, local, , FortressOfZorlac2, , FortressOfZorlac2.asm:776
rot_block_next1                 = $41B8 ; addr, local, , FortressOfZorlac2, , FortressOfZorlac2.asm:138
rot_block_next2                 = $41D5 ; addr, local, , FortressOfZorlac2, , FortressOfZorlac2.asm:158
rot_blocks_left_column          = $41AB ; addr, local, , FortressOfZorlac2, , FortressOfZorlac2.asm:126
rot_blocks_right_column         = $41C6 ; addr, local, , FortressOfZorlac2, , FortressOfZorlac2.asm:145
rot_blocks_top_row              = $41D8 ; addr, local, , FortressOfZorlac2, , FortressOfZorlac2.asm:161
rotate_count                    = $4502 ; addr, local, , FortressOfZorlac2, , FortressOfZorlac2.asm:728
rotate_inner_layer              = $4153 ; addr, local, , FortressOfZorlac2, , FortressOfZorlac2.asm:75
rotate_outer_layer              = $4183 ; addr, local, , FortressOfZorlac2, , FortressOfZorlac2.asm:102
save_block1                     = $4415 ; addr, local, , FortressOfZorlac2, , FortressOfZorlac2.asm:599
save_ship_pos                   = $436A ; addr, local, , FortressOfZorlac2, , FortressOfZorlac2.asm:459
score_multiply                  = $46B8 ; addr, local, , FortressOfZorlac2, , FortressOfZorlac2.asm:1077
ship_col                        = $42F8 ; addr, local, , FortressOfZorlac2, , FortressOfZorlac2.asm:350
ship_row                        = $42F9 ; addr, local, , FortressOfZorlac2, , FortressOfZorlac2.asm:353
skip_blanks                     = $46DB ; addr, local, , FortressOfZorlac2, , FortressOfZorlac2.asm:1102
stop_torpedo                    = $440D ; addr, local, , FortressOfZorlac2, , FortressOfZorlac2.asm:591
store_alien_pos                 = $427C ; addr, local, , FortressOfZorlac2, , FortressOfZorlac2.asm:288
store_count                     = $4510 ; addr, local, , FortressOfZorlac2, , FortressOfZorlac2.asm:739
subtract_divisor                = $4664 ; addr, local, , FortressOfZorlac2, , FortressOfZorlac2.asm:1018
subtraction_overflowed          = $4672 ; addr, local, , FortressOfZorlac2, , FortressOfZorlac2.asm:1029
timer_fortress_move             = $45F7 ; addr, local, , FortressOfZorlac2, , FortressOfZorlac2.asm:923
topedo_erased                   = $43D2 ; addr, local, , FortressOfZorlac2, , FortressOfZorlac2.asm:548
topedo_pos0                     = $4391 ; addr, local, , FortressOfZorlac2, , FortressOfZorlac2.asm:498
torpedo_col                     = $438F ; addr, local, , FortressOfZorlac2, , FortressOfZorlac2.asm:492
torpedo_hit                     = $43E6 ; addr, local, , FortressOfZorlac2, , FortressOfZorlac2.asm:564
torpedo_path                    = $4527 ; addr, local, , FortressOfZorlac2, , FortressOfZorlac2.asm:755
torpedo_row                     = $4390 ; addr, local, , FortressOfZorlac2, , FortressOfZorlac2.asm:495
torpedo_running                 = $438E ; addr, local, , FortressOfZorlac2, , FortressOfZorlac2.asm:489
which_ship                      = $42F7 ; addr, local, , FortressOfZorlac2, , FortressOfZorlac2.asm:347
