AUTOSTART_ADDR                  = $407D ; addr, local, , dfile, , t/input/dfile.asm:261
BREG                            = $401E ; addr, local, , dfile, , t/input/dfile.asm:221
CDFLAG                          = $403B ; addr, local, , dfile, , t/input/dfile.asm:243
CH_ADD                          = $4016 ; addr, local, , dfile, , t/input/dfile.asm:217
COORDS                          = $4036 ; addr, local, , dfile, , t/input/dfile.asm:236
COORDX                          = $4036 ; addr, local, , dfile, , t/input/dfile.asm:237
COORDY                          = $4037 ; addr, local, , dfile, , t/input/dfile.asm:238
DBOUNCE                         = $4027 ; addr, local, , dfile, , t/input/dfile.asm:227
DEST                            = $4012 ; addr, local, , dfile, , t/input/dfile.asm:215
DF_CC                           = $400E ; addr, local, , dfile, , t/input/dfile.asm:213
DF_SZ                           = $4022 ; addr, local, , dfile, , t/input/dfile.asm:224
DISPLAY                         = $407D ; addr, local, , dfile, , t/input/dfile.asm:265
DSPLY00                         = $407E ; addr, local, , dfile, , t/input/dfile.asm:267
DSPLY01                         = $409F ; addr, local, , dfile, , t/input/dfile.asm:270
DSPLY02                         = $40C0 ; addr, local, , dfile, , t/input/dfile.asm:273
DSPLY03                         = $40E1 ; addr, local, , dfile, , t/input/dfile.asm:276
DSPLY04                         = $4102 ; addr, local, , dfile, , t/input/dfile.asm:279
DSPLY05                         = $4123 ; addr, local, , dfile, , t/input/dfile.asm:282
DSPLY06                         = $4144 ; addr, local, , dfile, , t/input/dfile.asm:285
DSPLY07                         = $4165 ; addr, local, , dfile, , t/input/dfile.asm:288
DSPLY08                         = $4186 ; addr, local, , dfile, , t/input/dfile.asm:291
DSPLY09                         = $41A7 ; addr, local, , dfile, , t/input/dfile.asm:294
DSPLY10                         = $41C8 ; addr, local, , dfile, , t/input/dfile.asm:297
DSPLY11                         = $41E9 ; addr, local, , dfile, , t/input/dfile.asm:300
DSPLY12                         = $420A ; addr, local, , dfile, , t/input/dfile.asm:303
DSPLY13                         = $422B ; addr, local, , dfile, , t/input/dfile.asm:306
DSPLY14                         = $424C ; addr, local, , dfile, , t/input/dfile.asm:309
DSPLY15                         = $426D ; addr, local, , dfile, , t/input/dfile.asm:312
DSPLY16                         = $428E ; addr, local, , dfile, , t/input/dfile.asm:315
DSPLY17                         = $42AF ; addr, local, , dfile, , t/input/dfile.asm:318
DSPLY18                         = $42D0 ; addr, local, , dfile, , t/input/dfile.asm:321
DSPLY19                         = $42F1 ; addr, local, , dfile, , t/input/dfile.asm:324
DSPLY20                         = $4312 ; addr, local, , dfile, , t/input/dfile.asm:327
DSPLY21                         = $4333 ; addr, local, , dfile, , t/input/dfile.asm:330
DSPLY22                         = $4354 ; addr, local, , dfile, , t/input/dfile.asm:333
DSPLY23                         = $4375 ; addr, local, , dfile, , t/input/dfile.asm:336
D_FILE                          = $400C ; addr, local, , dfile, , t/input/dfile.asm:212
E_LINE                          = $4014 ; addr, local, , dfile, , t/input/dfile.asm:216
E_PPC                           = $400A ; addr, local, , dfile, , t/input/dfile.asm:211
FLAGX                           = $402D ; addr, local, , dfile, , t/input/dfile.asm:231
FRAMES                          = $4034 ; addr, local, , dfile, , t/input/dfile.asm:235
FREE1                           = $4021 ; addr, local, , dfile, , t/input/dfile.asm:223
FREE2                           = $407B ; addr, local, , dfile, , t/input/dfile.asm:255
LAST_K                          = $4025 ; addr, local, , dfile, , t/input/dfile.asm:226
MARGIN                          = $4028 ; addr, local, , dfile, , t/input/dfile.asm:228
MEM0                            = $405D ; addr, local, , dfile, , t/input/dfile.asm:249
MEM1                            = $4062 ; addr, local, , dfile, , t/input/dfile.asm:250
MEM2                            = $4067 ; addr, local, , dfile, , t/input/dfile.asm:251
MEM3                            = $406C ; addr, local, , dfile, , t/input/dfile.asm:252
MEM4                            = $4071 ; addr, local, , dfile, , t/input/dfile.asm:253
MEM5                            = $4076 ; addr, local, , dfile, , t/input/dfile.asm:254
MEM                             = $401F ; addr, local, , dfile, , t/input/dfile.asm:222
MEMBOT                          = $405D ; addr, local, , dfile, , t/input/dfile.asm:248
NXTLIN                          = $4029 ; addr, local, , dfile, , t/input/dfile.asm:229
OLDPPC                          = $402B ; addr, local, , dfile, , t/input/dfile.asm:230
PRBUFF                          = $403C ; addr, local, , dfile, , t/input/dfile.asm:244
PROG                            = $407D ; addr, local, , dfile, , t/input/dfile.asm:259
PR_CC                           = $4038 ; addr, local, , dfile, , t/input/dfile.asm:239
SEED                            = $4032 ; addr, local, , dfile, , t/input/dfile.asm:234
SLOW_FLAG                       = $0040 ; const, local, , dfile, , t/input/dfile.asm:8
STKBOT                          = $401A ; addr, local, , dfile, , t/input/dfile.asm:219
STKEND                          = $401C ; addr, local, , dfile, , t/input/dfile.asm:220
STRLEN                          = $402E ; addr, local, , dfile, , t/input/dfile.asm:232
S_POSN                          = $4039 ; addr, local, , dfile, , t/input/dfile.asm:240
S_POSNC                         = $4039 ; addr, local, , dfile, , t/input/dfile.asm:241
S_POSNL                         = $403A ; addr, local, , dfile, , t/input/dfile.asm:242
S_TOP                           = $4023 ; addr, local, , dfile, , t/input/dfile.asm:225
T_ADDR                          = $4030 ; addr, local, , dfile, , t/input/dfile.asm:233
VARIABLES                       = $4396 ; addr, local, , dfile, , t/input/dfile.asm:342
VARS                            = $4010 ; addr, local, , dfile, , t/input/dfile.asm:214
VERSN                           = $4009 ; addr, local, , dfile, , t/input/dfile.asm:210
WORKSPACE                       = $4397 ; addr, local, , dfile, , t/input/dfile.asm:345
X_PTR                           = $4018 ; addr, local, , dfile, , t/input/dfile.asm:218
_0                              = $001C ; const, local, , dfile, , t/input/dfile.asm:40
_1                              = $001D ; const, local, , dfile, , t/input/dfile.asm:41
_2                              = $001E ; const, local, , dfile, , t/input/dfile.asm:42
_3                              = $001F ; const, local, , dfile, , t/input/dfile.asm:43
_4                              = $0020 ; const, local, , dfile, , t/input/dfile.asm:44
_5                              = $0021 ; const, local, , dfile, , t/input/dfile.asm:45
_6                              = $0022 ; const, local, , dfile, , t/input/dfile.asm:46
_7                              = $0023 ; const, local, , dfile, , t/input/dfile.asm:47
_8                              = $0024 ; const, local, , dfile, , t/input/dfile.asm:48
_9                              = $0025 ; const, local, , dfile, , t/input/dfile.asm:49
_E                              = $002A ; const, local, , dfile, , t/input/dfile.asm:54
_I                              = $002E ; const, local, , dfile, , t/input/dfile.asm:58
_L                              = $0031 ; const, local, , dfile, , t/input/dfile.asm:61
_N                              = $0033 ; const, local, , dfile, , t/input/dfile.asm:63
_NL                             = $0076 ; const, local, , dfile, , t/input/dfile.asm:79
_SP                             = $0000 ; const, local, , dfile, , t/input/dfile.asm:13
__head                          = $4009 ; const, public, def, , ,
__size                          = $038E ; const, public, def, , ,
__tail                          = $4397 ; const, public, def, , ,
