AUTOSTART_ADDR                  = $407D ; addr, local, , dfile_colapsed, , t/input/dfile_colapsed.asm:261
BREG                            = $401E ; addr, local, , dfile_colapsed, , t/input/dfile_colapsed.asm:221
CDFLAG                          = $403B ; addr, local, , dfile_colapsed, , t/input/dfile_colapsed.asm:243
CH_ADD                          = $4016 ; addr, local, , dfile_colapsed, , t/input/dfile_colapsed.asm:217
COORDS                          = $4036 ; addr, local, , dfile_colapsed, , t/input/dfile_colapsed.asm:236
COORDX                          = $4036 ; addr, local, , dfile_colapsed, , t/input/dfile_colapsed.asm:237
COORDY                          = $4037 ; addr, local, , dfile_colapsed, , t/input/dfile_colapsed.asm:238
DBOUNCE                         = $4027 ; addr, local, , dfile_colapsed, , t/input/dfile_colapsed.asm:227
DEST                            = $4012 ; addr, local, , dfile_colapsed, , t/input/dfile_colapsed.asm:215
DF_CC                           = $400E ; addr, local, , dfile_colapsed, , t/input/dfile_colapsed.asm:213
DF_SZ                           = $4022 ; addr, local, , dfile_colapsed, , t/input/dfile_colapsed.asm:224
DISPLAY                         = $407D ; addr, local, , dfile_colapsed, , t/input/dfile_colapsed.asm:265
DSPLY00                         = $407E ; addr, local, , dfile_colapsed, , t/input/dfile_colapsed.asm:266
DSPLY01                         = $4085 ; addr, local, , dfile_colapsed, , t/input/dfile_colapsed.asm:268
DSPLY02                         = $408C ; addr, local, , dfile_colapsed, , t/input/dfile_colapsed.asm:270
DSPLY03                         = $4093 ; addr, local, , dfile_colapsed, , t/input/dfile_colapsed.asm:272
DSPLY04                         = $409A ; addr, local, , dfile_colapsed, , t/input/dfile_colapsed.asm:274
DSPLY05                         = $40A1 ; addr, local, , dfile_colapsed, , t/input/dfile_colapsed.asm:276
DSPLY06                         = $40A8 ; addr, local, , dfile_colapsed, , t/input/dfile_colapsed.asm:278
DSPLY07                         = $40AF ; addr, local, , dfile_colapsed, , t/input/dfile_colapsed.asm:280
DSPLY08                         = $40B6 ; addr, local, , dfile_colapsed, , t/input/dfile_colapsed.asm:282
DSPLY09                         = $40BD ; addr, local, , dfile_colapsed, , t/input/dfile_colapsed.asm:284
DSPLY10                         = $40C5 ; addr, local, , dfile_colapsed, , t/input/dfile_colapsed.asm:286
DSPLY11                         = $40CD ; addr, local, , dfile_colapsed, , t/input/dfile_colapsed.asm:288
DSPLY12                         = $40D5 ; addr, local, , dfile_colapsed, , t/input/dfile_colapsed.asm:290
DSPLY13                         = $40DD ; addr, local, , dfile_colapsed, , t/input/dfile_colapsed.asm:292
DSPLY14                         = $40E5 ; addr, local, , dfile_colapsed, , t/input/dfile_colapsed.asm:294
DSPLY15                         = $40ED ; addr, local, , dfile_colapsed, , t/input/dfile_colapsed.asm:296
DSPLY16                         = $40F5 ; addr, local, , dfile_colapsed, , t/input/dfile_colapsed.asm:298
DSPLY17                         = $40FD ; addr, local, , dfile_colapsed, , t/input/dfile_colapsed.asm:300
DSPLY18                         = $4105 ; addr, local, , dfile_colapsed, , t/input/dfile_colapsed.asm:302
DSPLY19                         = $410D ; addr, local, , dfile_colapsed, , t/input/dfile_colapsed.asm:304
DSPLY20                         = $4115 ; addr, local, , dfile_colapsed, , t/input/dfile_colapsed.asm:306
DSPLY21                         = $411D ; addr, local, , dfile_colapsed, , t/input/dfile_colapsed.asm:308
DSPLY22                         = $4125 ; addr, local, , dfile_colapsed, , t/input/dfile_colapsed.asm:310
DSPLY23                         = $412D ; addr, local, , dfile_colapsed, , t/input/dfile_colapsed.asm:312
D_FILE                          = $400C ; addr, local, , dfile_colapsed, , t/input/dfile_colapsed.asm:212
E_LINE                          = $4014 ; addr, local, , dfile_colapsed, , t/input/dfile_colapsed.asm:216
E_PPC                           = $400A ; addr, local, , dfile_colapsed, , t/input/dfile_colapsed.asm:211
FLAGX                           = $402D ; addr, local, , dfile_colapsed, , t/input/dfile_colapsed.asm:231
FRAMES                          = $4034 ; addr, local, , dfile_colapsed, , t/input/dfile_colapsed.asm:235
FREE1                           = $4021 ; addr, local, , dfile_colapsed, , t/input/dfile_colapsed.asm:223
FREE2                           = $407B ; addr, local, , dfile_colapsed, , t/input/dfile_colapsed.asm:255
LAST_K                          = $4025 ; addr, local, , dfile_colapsed, , t/input/dfile_colapsed.asm:226
MARGIN                          = $4028 ; addr, local, , dfile_colapsed, , t/input/dfile_colapsed.asm:228
MEM0                            = $405D ; addr, local, , dfile_colapsed, , t/input/dfile_colapsed.asm:249
MEM1                            = $4062 ; addr, local, , dfile_colapsed, , t/input/dfile_colapsed.asm:250
MEM2                            = $4067 ; addr, local, , dfile_colapsed, , t/input/dfile_colapsed.asm:251
MEM3                            = $406C ; addr, local, , dfile_colapsed, , t/input/dfile_colapsed.asm:252
MEM4                            = $4071 ; addr, local, , dfile_colapsed, , t/input/dfile_colapsed.asm:253
MEM5                            = $4076 ; addr, local, , dfile_colapsed, , t/input/dfile_colapsed.asm:254
MEM                             = $401F ; addr, local, , dfile_colapsed, , t/input/dfile_colapsed.asm:222
MEMBOT                          = $405D ; addr, local, , dfile_colapsed, , t/input/dfile_colapsed.asm:248
NXTLIN                          = $4029 ; addr, local, , dfile_colapsed, , t/input/dfile_colapsed.asm:229
OLDPPC                          = $402B ; addr, local, , dfile_colapsed, , t/input/dfile_colapsed.asm:230
PRBUFF                          = $403C ; addr, local, , dfile_colapsed, , t/input/dfile_colapsed.asm:244
PROG                            = $407D ; addr, local, , dfile_colapsed, , t/input/dfile_colapsed.asm:259
PR_CC                           = $4038 ; addr, local, , dfile_colapsed, , t/input/dfile_colapsed.asm:239
SEED                            = $4032 ; addr, local, , dfile_colapsed, , t/input/dfile_colapsed.asm:234
SLOW_FLAG                       = $0040 ; const, local, , dfile_colapsed, , t/input/dfile_colapsed.asm:8
STKBOT                          = $401A ; addr, local, , dfile_colapsed, , t/input/dfile_colapsed.asm:219
STKEND                          = $401C ; addr, local, , dfile_colapsed, , t/input/dfile_colapsed.asm:220
STRLEN                          = $402E ; addr, local, , dfile_colapsed, , t/input/dfile_colapsed.asm:232
S_POSN                          = $4039 ; addr, local, , dfile_colapsed, , t/input/dfile_colapsed.asm:240
S_POSNC                         = $4039 ; addr, local, , dfile_colapsed, , t/input/dfile_colapsed.asm:241
S_POSNL                         = $403A ; addr, local, , dfile_colapsed, , t/input/dfile_colapsed.asm:242
S_TOP                           = $4023 ; addr, local, , dfile_colapsed, , t/input/dfile_colapsed.asm:225
T_ADDR                          = $4030 ; addr, local, , dfile_colapsed, , t/input/dfile_colapsed.asm:233
VARIABLES                       = $4135 ; addr, local, , dfile_colapsed, , t/input/dfile_colapsed.asm:318
VARS                            = $4010 ; addr, local, , dfile_colapsed, , t/input/dfile_colapsed.asm:214
VERSN                           = $4009 ; addr, local, , dfile_colapsed, , t/input/dfile_colapsed.asm:210
WORKSPACE                       = $4136 ; addr, local, , dfile_colapsed, , t/input/dfile_colapsed.asm:321
X_PTR                           = $4018 ; addr, local, , dfile_colapsed, , t/input/dfile_colapsed.asm:218
_0                              = $001C ; const, local, , dfile_colapsed, , t/input/dfile_colapsed.asm:40
_1                              = $001D ; const, local, , dfile_colapsed, , t/input/dfile_colapsed.asm:41
_2                              = $001E ; const, local, , dfile_colapsed, , t/input/dfile_colapsed.asm:42
_3                              = $001F ; const, local, , dfile_colapsed, , t/input/dfile_colapsed.asm:43
_4                              = $0020 ; const, local, , dfile_colapsed, , t/input/dfile_colapsed.asm:44
_5                              = $0021 ; const, local, , dfile_colapsed, , t/input/dfile_colapsed.asm:45
_6                              = $0022 ; const, local, , dfile_colapsed, , t/input/dfile_colapsed.asm:46
_7                              = $0023 ; const, local, , dfile_colapsed, , t/input/dfile_colapsed.asm:47
_8                              = $0024 ; const, local, , dfile_colapsed, , t/input/dfile_colapsed.asm:48
_9                              = $0025 ; const, local, , dfile_colapsed, , t/input/dfile_colapsed.asm:49
_E                              = $002A ; const, local, , dfile_colapsed, , t/input/dfile_colapsed.asm:54
_I                              = $002E ; const, local, , dfile_colapsed, , t/input/dfile_colapsed.asm:58
_L                              = $0031 ; const, local, , dfile_colapsed, , t/input/dfile_colapsed.asm:61
_N                              = $0033 ; const, local, , dfile_colapsed, , t/input/dfile_colapsed.asm:63
_NL                             = $0076 ; const, local, , dfile_colapsed, , t/input/dfile_colapsed.asm:79
_SP                             = $0000 ; const, local, , dfile_colapsed, , t/input/dfile_colapsed.asm:13
__head                          = $4009 ; const, public, def, , ,
__size                          = $012D ; const, public, def, , ,
__tail                          = $4136 ; const, public, def, , ,
