AUTOSTART_ADDR                  = $409A ; addr, local, , spaces, , t/input/spaces.asm:287
BREG                            = $401E ; addr, local, , spaces, , t/input/spaces.asm:218
CDFLAG                          = $403B ; addr, local, , spaces, , t/input/spaces.asm:240
CH_ADD                          = $4016 ; addr, local, , spaces, , t/input/spaces.asm:214
COORDS                          = $4036 ; addr, local, , spaces, , t/input/spaces.asm:233
COORDX                          = $4036 ; addr, local, , spaces, , t/input/spaces.asm:234
COORDY                          = $4037 ; addr, local, , spaces, , t/input/spaces.asm:235
DBOUNCE                         = $4027 ; addr, local, , spaces, , t/input/spaces.asm:224
DEST                            = $4012 ; addr, local, , spaces, , t/input/spaces.asm:212
DF_CC                           = $400E ; addr, local, , spaces, , t/input/spaces.asm:210
DF_SZ                           = $4022 ; addr, local, , spaces, , t/input/spaces.asm:221
DISPLAY                         = $409A ; addr, local, , spaces, , t/input/spaces.asm:288
DSPLY00                         = $409B ; addr, local, , spaces, , t/input/spaces.asm:291
DSPLY01                         = $40BC ; addr, local, , spaces, , t/input/spaces.asm:295
DSPLY02                         = $40DD ; addr, local, , spaces, , t/input/spaces.asm:299
DSPLY03                         = $40FE ; addr, local, , spaces, , t/input/spaces.asm:303
DSPLY04                         = $411F ; addr, local, , spaces, , t/input/spaces.asm:307
DSPLY05                         = $4140 ; addr, local, , spaces, , t/input/spaces.asm:311
DSPLY06                         = $4161 ; addr, local, , spaces, , t/input/spaces.asm:315
DSPLY07                         = $4182 ; addr, local, , spaces, , t/input/spaces.asm:319
DSPLY08                         = $41A3 ; addr, local, , spaces, , t/input/spaces.asm:323
DSPLY09                         = $41C4 ; addr, local, , spaces, , t/input/spaces.asm:327
DSPLY10                         = $41E5 ; addr, local, , spaces, , t/input/spaces.asm:331
DSPLY11                         = $4206 ; addr, local, , spaces, , t/input/spaces.asm:335
DSPLY12                         = $4227 ; addr, local, , spaces, , t/input/spaces.asm:339
DSPLY13                         = $4248 ; addr, local, , spaces, , t/input/spaces.asm:343
DSPLY14                         = $4269 ; addr, local, , spaces, , t/input/spaces.asm:347
DSPLY15                         = $428A ; addr, local, , spaces, , t/input/spaces.asm:351
DSPLY16                         = $42AB ; addr, local, , spaces, , t/input/spaces.asm:355
DSPLY17                         = $42CC ; addr, local, , spaces, , t/input/spaces.asm:359
DSPLY18                         = $42ED ; addr, local, , spaces, , t/input/spaces.asm:363
DSPLY19                         = $430E ; addr, local, , spaces, , t/input/spaces.asm:367
DSPLY20                         = $432F ; addr, local, , spaces, , t/input/spaces.asm:371
DSPLY21                         = $4350 ; addr, local, , spaces, , t/input/spaces.asm:375
DSPLY22                         = $4371 ; addr, local, , spaces, , t/input/spaces.asm:379
DSPLY23                         = $4392 ; addr, local, , spaces, , t/input/spaces.asm:383
D_FILE                          = $400C ; addr, local, , spaces, , t/input/spaces.asm:209
E_LINE                          = $4014 ; addr, local, , spaces, , t/input/spaces.asm:213
E_PPC                           = $400A ; addr, local, , spaces, , t/input/spaces.asm:208
FLAGX                           = $402D ; addr, local, , spaces, , t/input/spaces.asm:228
FRAMES                          = $4034 ; addr, local, , spaces, , t/input/spaces.asm:232
FREE1                           = $4021 ; addr, local, , spaces, , t/input/spaces.asm:220
FREE2                           = $407B ; addr, local, , spaces, , t/input/spaces.asm:252
L0010_END                       = $408F ; addr, local, , spaces, , t/input/spaces.asm:271
L0010_START                     = $4081 ; addr, local, , spaces, , t/input/spaces.asm:259
L0020_END                       = $409A ; addr, local, , spaces, , t/input/spaces.asm:285
L0020_START                     = $4093 ; addr, local, , spaces, , t/input/spaces.asm:276
LAST_K                          = $4025 ; addr, local, , spaces, , t/input/spaces.asm:223
MARGIN                          = $4028 ; addr, local, , spaces, , t/input/spaces.asm:225
MEM0                            = $405D ; addr, local, , spaces, , t/input/spaces.asm:246
MEM1                            = $4062 ; addr, local, , spaces, , t/input/spaces.asm:247
MEM2                            = $4067 ; addr, local, , spaces, , t/input/spaces.asm:248
MEM3                            = $406C ; addr, local, , spaces, , t/input/spaces.asm:249
MEM4                            = $4071 ; addr, local, , spaces, , t/input/spaces.asm:250
MEM5                            = $4076 ; addr, local, , spaces, , t/input/spaces.asm:251
MEM                             = $401F ; addr, local, , spaces, , t/input/spaces.asm:219
MEMBOT                          = $405D ; addr, local, , spaces, , t/input/spaces.asm:245
NXTLIN                          = $4029 ; addr, local, , spaces, , t/input/spaces.asm:226
OLDPPC                          = $402B ; addr, local, , spaces, , t/input/spaces.asm:227
PRBUFF                          = $403C ; addr, local, , spaces, , t/input/spaces.asm:241
PROG                            = $407D ; addr, local, , spaces, , t/input/spaces.asm:254
PR_CC                           = $4038 ; addr, local, , spaces, , t/input/spaces.asm:236
SEED                            = $4032 ; addr, local, , spaces, , t/input/spaces.asm:231
SLOW_FLAG                       = $0040 ; const, local, , spaces, , t/input/spaces.asm:204
STKBOT                          = $401A ; addr, local, , spaces, , t/input/spaces.asm:216
STKEND                          = $401C ; addr, local, , spaces, , t/input/spaces.asm:217
STRLEN                          = $402E ; addr, local, , spaces, , t/input/spaces.asm:229
S_POSN                          = $4039 ; addr, local, , spaces, , t/input/spaces.asm:237
S_POSNC                         = $4039 ; addr, local, , spaces, , t/input/spaces.asm:238
S_POSNL                         = $403A ; addr, local, , spaces, , t/input/spaces.asm:239
S_TOP                           = $4023 ; addr, local, , spaces, , t/input/spaces.asm:222
T_ADDR                          = $4030 ; addr, local, , spaces, , t/input/spaces.asm:230
VARIABLES                       = $43B3 ; addr, local, , spaces, , t/input/spaces.asm:386
VARS                            = $4010 ; addr, local, , spaces, , t/input/spaces.asm:211
VERSN                           = $4009 ; addr, local, , spaces, , t/input/spaces.asm:207
WORKSPACE                       = $43B4 ; addr, local, , spaces, , t/input/spaces.asm:389
X_PTR                           = $4018 ; addr, local, , spaces, , t/input/spaces.asm:215
_1                              = $001D ; const, local, , spaces, , t/input/spaces.asm:50
_A                              = $0026 ; const, local, , spaces, , t/input/spaces.asm:59
_EQ                             = $0014 ; const, local, , spaces, , t/input/spaces.asm:41
_LET                            = $00F1 ; const, local, , spaces, , t/input/spaces.asm:188
_NL                             = $0076 ; const, local, , spaces, , t/input/spaces.asm:31
_NUMBER                         = $007E ; const, local, , spaces, , t/input/spaces.asm:32
_PRINT                          = $00F5 ; const, local, , spaces, , t/input/spaces.asm:192
_SEMICOLON                      = $0019 ; const, local, , spaces, , t/input/spaces.asm:46
_SP                             = $0000 ; const, local, , spaces, , t/input/spaces.asm:29
__head                          = $4009 ; const, public, def, , ,
__size                          = $03AB ; const, public, def, , ,
__tail                          = $43B4 ; const, public, def, , ,
