AUTOSTART_ADDR                  = $407D ; addr, local, , vars, , t/input/vars.asm:261
BREG                            = $401E ; addr, local, , vars, , t/input/vars.asm:221
CDFLAG                          = $403B ; addr, local, , vars, , t/input/vars.asm:243
CH_ADD                          = $4016 ; addr, local, , vars, , t/input/vars.asm:217
COORDS                          = $4036 ; addr, local, , vars, , t/input/vars.asm:236
COORDX                          = $4036 ; addr, local, , vars, , t/input/vars.asm:237
COORDY                          = $4037 ; addr, local, , vars, , t/input/vars.asm:238
DBOUNCE                         = $4027 ; addr, local, , vars, , t/input/vars.asm:227
DEST                            = $4012 ; addr, local, , vars, , t/input/vars.asm:215
DF_CC                           = $400E ; addr, local, , vars, , t/input/vars.asm:213
DF_SZ                           = $4022 ; addr, local, , vars, , t/input/vars.asm:224
DISPLAY                         = $407D ; addr, local, , vars, , t/input/vars.asm:265
DSPLY00                         = $407E ; addr, local, , vars, , t/input/vars.asm:268
DSPLY01                         = $409F ; addr, local, , vars, , t/input/vars.asm:272
DSPLY02                         = $40C0 ; addr, local, , vars, , t/input/vars.asm:276
DSPLY03                         = $40E1 ; addr, local, , vars, , t/input/vars.asm:280
DSPLY04                         = $4102 ; addr, local, , vars, , t/input/vars.asm:284
DSPLY05                         = $4123 ; addr, local, , vars, , t/input/vars.asm:288
DSPLY06                         = $4144 ; addr, local, , vars, , t/input/vars.asm:292
DSPLY07                         = $4165 ; addr, local, , vars, , t/input/vars.asm:296
DSPLY08                         = $4186 ; addr, local, , vars, , t/input/vars.asm:300
DSPLY09                         = $41A7 ; addr, local, , vars, , t/input/vars.asm:304
DSPLY10                         = $41C8 ; addr, local, , vars, , t/input/vars.asm:308
DSPLY11                         = $41E9 ; addr, local, , vars, , t/input/vars.asm:312
DSPLY12                         = $420A ; addr, local, , vars, , t/input/vars.asm:316
DSPLY13                         = $422B ; addr, local, , vars, , t/input/vars.asm:320
DSPLY14                         = $424C ; addr, local, , vars, , t/input/vars.asm:324
DSPLY15                         = $426D ; addr, local, , vars, , t/input/vars.asm:328
DSPLY16                         = $428E ; addr, local, , vars, , t/input/vars.asm:332
DSPLY17                         = $42AF ; addr, local, , vars, , t/input/vars.asm:336
DSPLY18                         = $42D0 ; addr, local, , vars, , t/input/vars.asm:340
DSPLY19                         = $42F1 ; addr, local, , vars, , t/input/vars.asm:344
DSPLY20                         = $4312 ; addr, local, , vars, , t/input/vars.asm:348
DSPLY21                         = $4333 ; addr, local, , vars, , t/input/vars.asm:352
DSPLY22                         = $4354 ; addr, local, , vars, , t/input/vars.asm:356
DSPLY23                         = $4375 ; addr, local, , vars, , t/input/vars.asm:360
D_FILE                          = $400C ; addr, local, , vars, , t/input/vars.asm:212
E_LINE                          = $4014 ; addr, local, , vars, , t/input/vars.asm:216
E_PPC                           = $400A ; addr, local, , vars, , t/input/vars.asm:211
FLAGX                           = $402D ; addr, local, , vars, , t/input/vars.asm:231
FRAMES                          = $4034 ; addr, local, , vars, , t/input/vars.asm:235
FREE1                           = $4021 ; addr, local, , vars, , t/input/vars.asm:223
FREE2                           = $407B ; addr, local, , vars, , t/input/vars.asm:255
LAST_K                          = $4025 ; addr, local, , vars, , t/input/vars.asm:226
MARGIN                          = $4028 ; addr, local, , vars, , t/input/vars.asm:228
MEM0                            = $405D ; addr, local, , vars, , t/input/vars.asm:249
MEM1                            = $4062 ; addr, local, , vars, , t/input/vars.asm:250
MEM2                            = $4067 ; addr, local, , vars, , t/input/vars.asm:251
MEM3                            = $406C ; addr, local, , vars, , t/input/vars.asm:252
MEM4                            = $4071 ; addr, local, , vars, , t/input/vars.asm:253
MEM5                            = $4076 ; addr, local, , vars, , t/input/vars.asm:254
MEM                             = $401F ; addr, local, , vars, , t/input/vars.asm:222
MEMBOT                          = $405D ; addr, local, , vars, , t/input/vars.asm:248
NXTLIN                          = $4029 ; addr, local, , vars, , t/input/vars.asm:229
OLDPPC                          = $402B ; addr, local, , vars, , t/input/vars.asm:230
PRBUFF                          = $403C ; addr, local, , vars, , t/input/vars.asm:244
PROG                            = $407D ; addr, local, , vars, , t/input/vars.asm:259
PR_CC                           = $4038 ; addr, local, , vars, , t/input/vars.asm:239
SEED                            = $4032 ; addr, local, , vars, , t/input/vars.asm:234
SLOW_FLAG                       = $0040 ; const, local, , vars, , t/input/vars.asm:8
STKBOT                          = $401A ; addr, local, , vars, , t/input/vars.asm:219
STKEND                          = $401C ; addr, local, , vars, , t/input/vars.asm:220
STRLEN                          = $402E ; addr, local, , vars, , t/input/vars.asm:232
S_POSN                          = $4039 ; addr, local, , vars, , t/input/vars.asm:240
S_POSNC                         = $4039 ; addr, local, , vars, , t/input/vars.asm:241
S_POSNL                         = $403A ; addr, local, , vars, , t/input/vars.asm:242
S_TOP                           = $4023 ; addr, local, , vars, , t/input/vars.asm:225
T_ADDR                          = $4030 ; addr, local, , vars, , t/input/vars.asm:233
VARIABLES                       = $4396 ; addr, local, , vars, , t/input/vars.asm:366
VARS                            = $4010 ; addr, local, , vars, , t/input/vars.asm:214
VAR_H_END                       = $43B3 ; addr, local, , vars, , t/input/vars.asm:388
VAR_H_START                     = $43AE ; addr, local, , vars, , t/input/vars.asm:386
VERSN                           = $4009 ; addr, local, , vars, , t/input/vars.asm:210
WORKSPACE                       = $4402 ; addr, local, , vars, , t/input/vars.asm:425
X_PTR                           = $4018 ; addr, local, , vars, , t/input/vars.asm:218
_1                              = $001D ; const, local, , vars, , t/input/vars.asm:41
_2                              = $001E ; const, local, , vars, , t/input/vars.asm:42
_3                              = $001F ; const, local, , vars, , t/input/vars.asm:43
_A                              = $0026 ; const, local, , vars, , t/input/vars.asm:50
_B                              = $0027 ; const, local, , vars, , t/input/vars.asm:51
_C                              = $0028 ; const, local, , vars, , t/input/vars.asm:52
_E                              = $002A ; const, local, , vars, , t/input/vars.asm:54
_H                              = $002D ; const, local, , vars, , t/input/vars.asm:57
_I                              = $002E ; const, local, , vars, , t/input/vars.asm:58
_L                              = $0031 ; const, local, , vars, , t/input/vars.asm:61
_M                              = $0032 ; const, local, , vars, , t/input/vars.asm:62
_NL                             = $0076 ; const, local, , vars, , t/input/vars.asm:79
_O                              = $0034 ; const, local, , vars, , t/input/vars.asm:64
_SP                             = $0000 ; const, local, , vars, , t/input/vars.asm:13
__head                          = $4009 ; const, public, def, , ,
__size                          = $03F9 ; const, public, def, , ,
__tail                          = $4402 ; const, public, def, , ,
